ASxxxx Linker V05.00,  page 1.
Hexidecimal  [16-Bits]

Area                       Addr        Size        Decimal Bytes (Attributes)
--------------------       ----        ----        ------- ----- ------------
.  .ABS.                   0000        0000 =           0. bytes (ABS,OVR,CSEG)

         Value  Global                             Global Defined In Module
         -----  --------------------------------   ------------------------
          0000  l_.bss                          
          0000  s_.freetimer                    
          0000  l__DATA                         
          0000  l__CODE                         
          0000  s__DATA                         
          0000  s_.globalflag                   
          0000  s__CODE                         
          0000  l_.data                         
          0000  s_.data                         
          0000  s_.flag                         
          0000  l_registers                     
          0000  s_.ctors                        
          0000  l_mbmodes                       
          0000  l_timedmodes                    
          0000  .__.ABS.                           mach_switchmasks.c
          0001  l_.freetimer                    
          0002  l_.globalflag                   
          0002  l_.ctors                        
          0002  l_.dtors                        
          0002  s_.dtors                        
          0004  s_.bss                          
          0004  s_direct                        
          001E  l_permanent                     
          0020  l_vector                        
          0022  l_local                         
          002F  l_.flag                         
          00D7  l_direct                        
          0100  l_dirtab                        
          0100  s_ram                           
          0197  l_nvram                         
          0E5F  l_page59                        
          0F12  l_ram                           
          1400  s_local                         
          1600  s_permanent                     
          1810  s_nvram                         
          1B0F  l_page57                        
          1F00  s_dirtab                        
          222F  l_page52                        
          2B6A  l_page54                        
          2EC2  l_page53                        
          302B  l_page56                        
          34AE  l_page58                        
          354E  l_page61                        
          3FA8  l_page55                        
          3FCD  l_page60                        
          4000  s_page60                        
          4000  s_page61                        
          4000  s_page52                        
          4000  s_page53                        
          4000  s_page54                        
ASxxxx Linker V05.00,  page 2.
Hexidecimal  [16-Bits]

Area                       Addr        Size        Decimal Bytes (Attributes)
--------------------       ----        ----        ------- ----- ------------
.  .ABS.                   0000        0000 =           0. bytes (ABS,OVR,CSEG)

         Value  Global                             Global Defined In Module
         -----  --------------------------------   ------------------------
          4000  s_page55                        
          4000  s_page56                        
          4000  s_page57                        
          4000  s_page58                        
          4000  s_page59                        
          6443  l_.text                         
          8000  s_.text                         
          FFB0  s_registers                     
          FFB0  s_mbmodes                       
          FFB0  s_timedmodes                    
          FFF0  s_vector                        

ASxxxx Linker V05.00,  page 3.
Hexidecimal  [16-Bits]

Area                       Addr        Size        Decimal Bytes (Attributes)
--------------------       ----        ----        ------- ----- ------------
.text                      8000        6443 =       25667. bytes (REL,CON,CSEG)

         Value  Global                             Global Defined In Module
         -----  --------------------------------   ------------------------
          8000  _mach_opto_mask                    mach_switchmasks.c
          800A  _mach_edge_switches                mach_switchmasks.c
          8014  _score_table                       mach_scores.c
          80C8  _switch_table                      mach_switches.c
          8348  _dev_top_sol_ops                   mach_containers.c
          8356  _dev_eyeball_eject_ops             mach_containers.c
          8364  _dev_subway_vuk_ops                mach_containers.c
          8372  _dev_trough_ops                    mach_containers.c
          83A8  _device_properties_table           mach_containers.c
          83E0  _sol_time_table                    mach_drives.c
          8410  _sol_duty_table                    mach_drives.c
          8440  _deff_table                        mach_deffs.c
          86A7  _font_table                        mach_fonts.c
          86CB  __far_call_handler                 farcall.s
          86EE  _far_indirect_call_handler         farcall.s
          86EE  _far_indirect_call_value_handler   farcall.s
          8705  _far_call_pointer_handler          farcall.s
          8721  _far_read8                         farcall.s
          8733  _far_read_pointer                  farcall.s
          8733  _far_read16                        farcall.s
          8745  _task_save                         task_6809.s
          8784  _task_restore                      task_6809.s
          87BE  _task_create                       task_6809.s
          87CD  _task_stack_reset                  task_6809.s
          87D5  _memset                            asm_string
          8807  _memcpy                            asm_string
          885C  _strlen                            asm_string
          8869  _strcpy                            asm_string
          887F  _bcd_string_add                    bcd_string
          8892  _bcd_string_increment              bcd_string
          88A1  _bcd_string_sub                    bcd_string
          88C8  _measure_irq_load                  irqload
          88EC  _divide32                          div32.s
          8963  _bitmap_blit_asm                   bitmap_6809.s
          89FC  _bitmap_erase_asm                  bitmap_6809.s
          8A40  _dmd_clean_page                    dmd_6809.s
          8A80  _dmd_copy_asm                      dmd_6809.s
          8AAD  _frame_decode_rle_asm              dmd_6809.s
          8ADF  _frame_decode_sparse_asm           dmd_6809.s
          8B04  _dmd_or_page                       dot_6809.s
          8B3A  _dmd_and_page                      dot_6809.s
          8B70  _dmd_xor_page                      dot_6809.s
          8BA6  _dmd_shadow                        
          8C2B  _start                             start.s
          8D39  _div10                             div10.c
          8D65  _idle_profile_rtt                  task.c
          8D72  _idle_profile_idle_every_100ms     task.c
          8D73  _task_dump                         task.c
          8D74  _block_allocate                    task.c
          8DB6  _task_chunk_amode_start            task.c
ASxxxx Linker V05.00,  page 4.
Hexidecimal  [16-Bits]

Area                       Addr        Size        Decimal Bytes (Attributes)
--------------------       ----        ----        ------- ----- ------------
.text                      8000        6443 =       25667. bytes (REL,CON,CSEG)

         Value  Global                             Global Defined In Module
         -----  --------------------------------   ------------------------
          8DEF  _task_create_gid                   task.c
          8E04  _task_setgid                       task.c
          8E09  _task_set_periodic                 task.c
          8E12  _task_find_gid_next                task.c
          8E40  _task_find_gid                     task.c
          8E6E  _task_set_duration                 task.c
          8E72  _task_add_duration                 task.c
          8E83  _task_remove_duration              task.c
          8E8D  _task_get_arg                      task.c
          8E92  _task_get_pointer_arg              task.c
          8E97  _task_set_arg                      task.c
          8E9F  _task_set_pointer_arg              task.c
          8EA7  _task_dispatcher                   task.c
          8F02  _task_kill_pid                     task.c
          8F10  _task_duration_expire              task.c
          8F4B  _task_kill_gid                     task.c
          8F8D  _task_exit                         task.c
          8F9B  _task_allocate                     task.c
          8FEC  _task_init                         task.c
          900D  _task_sleep_periodic               task.c
          9019  _task_sleep_sec1                   task.c
          9034  _task_sleep                        task.c
          904D  _frame_init                        frame.c
          904E  _bmp_draw                          frame.c
          90B6  _frame_decode                      frame.c
          90D3  _frame_draw_plane_test             frame.c
          910F  _frame_draw_plane                  frame.c
          914B  _frame_draw                        frame.c
          9165  _idle_init                         idle.c
          9175  _do_periodic                       idle.c
          91C0  _lang_init                         lang.c
          91C6  _log_init                          log.c
          91CD  _mb_mode_running_count             mbmode.c
          91D1  _mb_mode_start_ball                mbmode.c
          91D5  _mbmode_start_ball                 mbmode.c
          91D9  _mb_mode_display_update            mbmode.c
          91F3  _mb_mode_music_refresh             mbmode.c
          9251  _mb_mode_end_ball                  mbmode.c
          9269  _mb_mode_single_ball               mbmode.c
          929C  _mb_mode_active_task               mbmode.c
          92BB  _mb_mode_restart                   mbmode.c
          92EA  _mb_mode_start                     mbmode.c
          9316  _null_true_function                misc.c
          9319  _null_false_function               misc.c
          931B  _null_function                     misc.c
          931C  _puts_debug                        puts.c
          932A  _puts_parallel                     puts.c
          9348  _random                            random.c
          9370  _random_scaled                     random.c
          9380  _random_idle_every_second          random.c
          9393  _random_hw_event                   random.c
ASxxxx Linker V05.00,  page 5.
Hexidecimal  [16-Bits]

Area                       Addr        Size        Decimal Bytes (Attributes)
--------------------       ----        ----        ------- ----- ------------
.text                      8000        6443 =       25667. bytes (REL,CON,CSEG)

         Value  Global                             Global Defined In Module
         -----  --------------------------------   ------------------------
          9397  _random_init                       random.c
          93A1  _copyright                         sysinfo.c
          9417  _timed_mode_get_timer              timedmode.c
          941B  _timed_mode_running_p              timedmode.c
          9434  _timed_mode_effect_running_p       timedmode.c
          944D  _timed_mode_device_running_p       timedmode.c
          9456  _timed_mode_display_update         timedmode.c
          9477  _timed_mode_music_refresh          timedmode.c
          949C  _timed_mode_reset                  timedmode.c
          94CF  _timed_mode_add                    timedmode.c
          956A  _timed_mode_end                    timedmode.c
          957A  _timed_mode_begin                  timedmode.c
          959F  _dump_deffs                        deff.c
          95A0  _deff_get_active                   deff.c
          95A4  _deff_queue_reset                  deff.c
          95B6  _deff_queue_find                   deff.c
          95C8  _deff_queue_find_priority          deff.c
          9628  _deff_queue_add                    deff.c
          965C  _deff_queue_delete                 deff.c
          9678  _deff_init                         deff.c
          9693  _deff_start_bg                     deff.c
          96BF  _deff_end_ball                     deff.c
          972C  _deff_start                        deff.c
          9782  _deff_start_sync                   deff.c
          97B2  _deff_restart                      deff.c
          97D1  _deff_stop                         deff.c
          9808  _deff_update                       deff.c
          985C  _deff_queue_service                deff.c
          98A6  _deff_nice                         deff.c
          98BA  _deff_flipper_abort                deff.c
          98E2  _deff_stop_all                     deff.c
          992A  _deff_exit                         deff.c
          993B  _deff_delay_and_exit               deff.c
          9941  _font_lookup                       font.c
          9974  _font_lookup_char                  font.c
          9A53  _fontargs_render_glyph             font.c
          9A5C  _bitmap_blit                       font.c
          9AF2  _fontargs_render_string_right      font.c
          9B02  _fontargs_render_string_center     font.c
          9B26  _fontargs_render_string_left       font.c
          9B2C  _bitmap_blit2                      font.c
          9B4F  _validate_num_players              game.c
          9B5D  _game_factory_reset                game.c
          9B63  _game_init                         game.c
          9B80  _game_display_update               game.c
          9BC1  _stop_game                         game.c
          9C03  _add_player                        game.c
          9C23  _set_valid_playfield               game.c
          9C3F  _try_validate_playfield            game.c
          9C67  _start_ball                        game.c
          9D0F  _end_ball                          game.c
ASxxxx Linker V05.00,  page 6.
Hexidecimal  [16-Bits]

Area                       Addr        Size        Decimal Bytes (Attributes)
--------------------       ----        ----        ------- ----- ------------
.text                      8000        6443 =       25667. bytes (REL,CON,CSEG)

         Value  Global                             Global Defined In Module
         -----  --------------------------------   ------------------------
          9D69  _end_game                          game.c
          9D7B  _end_ball2                         game.c
          9DE6  _game_bonus_complete               game.c
          9DEE  _end_ball_task                     game.c
          9DF9  _amode_stop                        game.c
          9E0F  _start_game                        game.c
          9E5A  _game_start_button_handler         game.c
          9ECB  _amode_start                       game.c
          9F3D  _generic_ladder_reset              ladder.c
          9F41  _generic_ladder_advance            ladder.c
          9F50  _fixed_ladder_scorex               ladder.c
          9F55  _fixed_ladder_score                ladder.c
          9F5C  _fixed_ladder_advance              ladder.c
          9F86  _fixed_ladder_scorex_and_advance   ladder.c
          9F9A  _fixed_ladder_score_and_advance    ladder.c
          9FB0  _fixed_ladder_reset                ladder.c
          9FBF  _generic_ladder_score              ladder.c
          9FD4  _generic_ladder_score_and_advanc   ladder.c
          A000  _lamplist_lookup                   lamplist.c
          A025  _lamplist_index                    lamplist.c
          A059  _lamplist_first_entry              lamplist.c
          A063  _lamplist_last_entry               lamplist.c
          A096  _lamplist_apply_nomacro            lamplist.c
          A0D5  _lamplist_test_all                 lamplist.c
          A121  _lamplist_test_any                 lamplist.c
          A16D  _lamplist_build_increment          lamplist.c
          A1EA  _lamplist_rotate_previous          lamplist.c
          A292  _lamplist_rotate_next              lamplist.c
          A347  _lamplist_build_decrement          lamplist.c
          A3EA  _lamplist_apply                    lamplist.c
          A472  _lamplist_apply_leff_alternating   lamplist.c
          A481  _lamplist_step_increment           lamplist.c
          A526  _lamplist_step_decrement           lamplist.c
          A609  _lamp_alternating                  lamplist.c
          A61C  _lamplist_set_apply_delay          lamplist.c
          A636  _lamp_set_copy                     lampset.c
          A659  _lamp_set_add                      lampset.c
          A69C  _lamp_set_subtract                 lampset.c
          A6EB  _lamp_set_disjoint                 lampset.c
          A7B9  _lamp_set_zero                     lampset.c
          A7C5  _player_restore                    player.c
          A812  _player_test_exit                  player.c
          A81A  _player_save                       player.c
          A867  _player_test_start                 player.c
          A86F  _player_start_game                 player.c
          A895  _digit2char                        printf.c
          A89F  _do_sprintf_long_decimal           printf.c
          A91C  _do_sprintf_hex_byte               printf.c
          A963  _do_sprintf_hex                    printf.c
          A979  _sprintf_far_string                printf.c
          A9AB  _printf_amode_start                printf.c
ASxxxx Linker V05.00,  page 7.
Hexidecimal  [16-Bits]

Area                       Addr        Size        Decimal Bytes (Attributes)
--------------------       ----        ----        ------- ----- ------------
.text                      8000        6443 =       25667. bytes (REL,CON,CSEG)

         Value  Global                             Global Defined In Module
         -----  --------------------------------   ------------------------
          A9BC  _printf_init                       printf.c
          A9C2  _do_sprintf_decimal                printf.c
          AA0E  _sprintf                           printf.c
          AE04  _sprintf_score                     printf.c
          AE1D  _score_compare                     score.c
          AE65  _score_deff_get                    score.c
          AE69  _score_init                        score.c
          AE70  _score_multiplier_set              score.c
          AE7E  _score_start_ball                  score.c
          AE89  _scores_reset                      score.c
          AEB3  _score_factory_reset               score.c
          AEB6  _score_zero                        score.c
          AEC0  _score_sub                         score.c
          AEC5  _score_add                         score.c
          AEF4  _score_add_byte                    score.c
          AF25  _score_award_compact               score.c
          AF68  _score_copy                        score.c
          AF7B  _score_deff_set                    score.c
          AF94  _score_long_unmultiplied           score.c
          AFB4  _score_mul                         score.c
          AFE9  _score_long_multiple               score.c
          B018  _score                             score.c
          B029  _score_multiple                    score.c
          B043  _score_long                        score.c
          B048  _task_recreate_gid                 task.c
          B05A  _task_create_gid1                  task.c
          B074  _left_sling_enable                 left_sling.c
          B07B  _left_sling_disable                left_sling.c
          B082  _left_sling_init                   left_sling.c
          B08B  _left_sling_start_ball             left_sling.c
          B092  _left_sling_end_ball               left_sling.c
          B099  _right_sling_enable                right_sling.c
          B0A0  _right_sling_disable               right_sling.c
          B0A7  _right_sling_init                  right_sling.c
          B0B0  _right_sling_start_ball            right_sling.c
          B0B7  _right_sling_end_ball              right_sling.c
          B0BE  _left_jet_enable                   left_jet.c
          B0C5  _left_jet_disable                  left_jet.c
          B0CC  _left_jet_init                     left_jet.c
          B0D5  _left_jet_start_ball               left_jet.c
          B0DC  _left_jet_end_ball                 left_jet.c
          B0E3  _right_jet_enable                  right_jet.c
          B0EA  _right_jet_disable                 right_jet.c
          B0F1  _right_jet_init                    right_jet.c
          B0FA  _right_jet_start_ball              right_jet.c
          B101  _right_jet_end_ball                right_jet.c
          B108  _top_sling_enable                  top_sling.c
          B10F  _top_sling_disable                 top_sling.c
          B116  _top_sling_init                    top_sling.c
          B11F  _top_sling_start_ball              top_sling.c
          B126  _top_sling_end_ball                top_sling.c
ASxxxx Linker V05.00,  page 8.
Hexidecimal  [16-Bits]

Area                       Addr        Size        Decimal Bytes (Attributes)
--------------------       ----        ----        ------- ----- ------------
.text                      8000        6443 =       25667. bytes (REL,CON,CSEG)

         Value  Global                             Global Defined In Module
         -----  --------------------------------   ------------------------
          B12D  _diverter_start                    diverter.c
          B13A  _diverter_stop                     diverter.c
          B145  _diverter_init                     diverter.c
          B148  _diverter_tilt                     diverter.c
          B153  _elevator_init                     elevator.c
          B15B  _elevator_bump_down                elevator.c
          B182  _elevator_bump_up                  elevator.c
          B1A9  _elevator_move_down                elevator.c
          B1D0  _elevator_amode_start              elevator.c
          B1D5  _elevator_move_up                  elevator.c
          B1FC  _elevator_bump_monitor             elevator.c
          B21A  _elevator_move_monitor             elevator.c
          B238  _elevator_stop                     elevator.c
          B24B  _elevator_tilt                     elevator.c
          B252  _elevator_SW_ELEVATOR_INDEX        elevator.c
          B25C  _elevator_SW_ELEVATOR_HOLD         elevator.c
          B266  _claw_go_left                      claw.c
          B281  _claw_go_right                     claw.c
          B29E  _claw_stop                         claw.c
          B2B1  _claw_SW_CLAW_POSITION_1           claw.c
          B2C1  _claw_SW_CLAW_POSITION_2           claw.c
          B2CA  _claw_init                         claw.c
          B2D3  _claw_tilt                         claw.c
          B2DB  _claw_bump_right                   claw.c
          B309  _claw_bump_left                    claw.c
          B337  _claw_bump_monitor                 claw.c
          B342  _claw_go_to_center_monitor         claw.c
          B362  _claw_go_right_to_center           claw.c
          B37E  _claw_go_left_to_center            claw.c
          B398  _clawmagnet_on                     clawmagnet.c
          B3A1  _clawmagnet_off                    clawmagnet.c
          B3AA  _clawmagnet_init                   clawmagnet.c
          B3B3  _do_firq                           interrupt.c
          B3C7  _do_swi3                           interrupt.c
          B3CC  _do_swi2                           interrupt.c
          B3D1  _do_swi                            interrupt.c
          B3D6  _do_nmi                            interrupt.c
          B3DB  _platform_init                     init_wpc.c
          B420  _wpc_machine_type                  init_wpc.c
          B421  _switch_rtt                        wpc_switch.c
          B53A  _lamp_rtt                          wpc_lamp.c
          B584  _sol_update_rtt_0                  wpc_sol.c
          B5E9  _sol_update_rtt_1                  wpc_sol.c
          B647  _main                              main.c
          B64A  _abort                             main.c
          B64F  _exit                              main.c
          B654  _ac_rtt                            ac.c
          B66F  _ac_init                           ac.c
          B67A  _adj_file_register                 adj.c
          B680  _nvram_idle_every_100ms            adj.c
          B69A  _adj_init                          adj.c
ASxxxx Linker V05.00,  page 9.
Hexidecimal  [16-Bits]

Area                       Addr        Size        Decimal Bytes (Attributes)
--------------------       ----        ----        ------- ----- ------------
.text                      8000        6443 =       25667. bytes (REL,CON,CSEG)

         Value  Global                             Global Defined In Module
         -----  --------------------------------   ------------------------
          B6A1  _adj_modified                      adj.c
          B6BC  _adj_csum_failure                  adj.c
          B6C3  _adj_csum_info                     adj.c
          B6CC  _sys_audit_file_register           audit.c
          B6D2  _audit_assign                      audit.c
          B6EA  _audit_add                         audit.c
          B718  _audit_increment                   audit.c
          B739  _audit_reset                       audit.c
          B748  _audit_csum_info                   audit.c
          B751  _csum_get_var                      csum.c
          B759  _csum_area_update                  csum.c
          B78D  _csum_area_reset                   csum.c
          B7A4  _csum_area_check                   csum.c
          B7E3  _dmd_new_rtt                       dmd.c
          B80E  _dmd_rtt0                          dmd.c
          B81E  _dmd_rtt1                          dmd.c
          B82E  _dmd_rtt2                          dmd.c
          B85B  _dmd_map_low_high                  dmd.c
          B869  _dmd_alloc_pair                    dmd.c
          B86F  _dmd_alloc_low                     dmd.c
          B872  _dmd_flip_low_high                 dmd.c
          B881  _dmd_show_other                    dmd.c
          B88A  _dmd_invert_page                   dmd.c
          B8AA  _dmd_sched_transition              dmd.c
          B8B3  _dmd_reset_transition              dmd.c
          B8BD  _dmd_alloc_pair_clean              dmd.c
          B8CC  _dmd_alloc_low_clean               dmd.c
          B8D5  _dmd_clean_page_high               dmd.c
          B8DB  _dmd_clean_page_low                dmd.c
          B8E1  _dmd_init                          dmd.c
          B943  _dmd_copy_page                     dmd.c
          B946  _dmd_copy_low_to_high              dmd.c
          B954  _dmd_fill_page_low                 dmd.c
          B964  _dmd_do_transition                 dmd.c
          BA39  _dmd_show2                         dmd.c
          BA47  _dmd_show_high                     dmd.c
          BA5D  _dmd_show_low                      dmd.c
          BA73  _deff_swap_low_high                dmd.c
          BA92  _dmd_phase_table                   dmd.c
          BA98  _error_init_complete               error.c
          BA99  _nonfatal                          error.c
          BA9F  _fatal                             error.c
          BAF1  _lockup_check_rtt                  error.c
          BB0A  _file_find                         file.c
          BB4F  _file_create                       file.c
          BB6D  _file_register                     file.c
          BBF9  _file_init                         file.c
          BC00  _file_reset                        file.c
          BC1B  _flipper_enable                    flip.c
          BC20  _flipper_disable                   flip.c
          BC2D  _flipper_override_on               flip.c
ASxxxx Linker V05.00,  page 10.
Hexidecimal  [16-Bits]

Area                       Addr        Size        Decimal Bytes (Attributes)
--------------------       ----        ----        ------- ----- ------------
.text                      8000        6443 =       25667. bytes (REL,CON,CSEG)

         Value  Global                             Global Defined In Module
         -----  --------------------------------   ------------------------
          BC3A  _flipper_override_off              flip.c
          BC40  _flipper_hold_on                   flip.c
          BC49  _flipper_hold_off                  flip.c
          BC4C  _fliptronic_rtt                    flip.c
          BCF0  _flipper_init                      flip.c
          BCF7  _flipper_override_pulse            flip.c
          BD1C  _fliptronic_ball_search            flip.c
          BD2B  _free_timer_rtt                    freetimer.c
          BD52  ___free_timer_restart              freetimer.c
          BD5D  ___free_timer_start                freetimer.c
          BD70  ___free_timer_stop                 freetimer.c
          BD78  ___free_timer_test                 freetimer.c
          BD81  _free_timer_init                   freetimer.c
          BD90  _get_elapsed_time                  init.c
          BD9D  _freewpc_init                      init.c
          BE0B  _warm_reboot                       init.c
          BE0E  _lamp_flash_rtt                    lamp.c
          BE43  _lamp_power_set                    lamp.c
          BE51  _bit_test_all_on                   lamp.c
          BE77  _bit_test_all_off                  lamp.c
          BE96  _lamp_amode_start                  lamp.c
          BEA0  _lamp_start_game                   lamp.c
          BEB4  _lamp_idle_every_second            lamp.c
          BEE8  _lamp_leff2_erase                  lamp.c
          BEEE  _lamp_leff1_erase                  lamp.c
          BEF4  _lamp_leff1_allocate_all           lamp.c
          BEFA  _lamp_all_off                      lamp.c
          BF20  _lamp_set_on                       lamp.c
          BF2D  _lamp_leff2_free_all               lamp.c
          BF33  _lamp_leff1_free_all               lamp.c
          BF39  _lamp_all_on                       lamp.c
          BF4D  _lamp_init                         lamp.c
          BF98  _matrix_lookup                     lamp.c
          BFCE  _bit_test                          lamp.c
          BFDD  _leff_test                         lamp.c
          BFF9  _lamp_flash_test                   lamp.c
          BFFF  _lamp_test_off                     lamp.c
          C011  _lamp_test                         lamp.c
          C017  _bit_toggle                        lamp.c
          C028  _leff_toggle                       lamp.c
          C044  _lamp_toggle                       lamp.c
          C04A  _bit_off                           lamp.c
          C05C  _leff_off                          lamp.c
          C078  _lamp_leff2_allocate               lamp.c
          C08C  _lamp_leff2_test_and_allocate      lamp.c
          C0AE  _lamp_leff_allocate                lamp.c
          C0B4  _lamp_flash_off                    lamp.c
          C0C8  _lamp_off                          lamp.c
          C0CE  _bit_on                            lamp.c
          C0DF  _leff_on                           lamp.c
          C0FB  _lamp_leff2_free                   lamp.c
ASxxxx Linker V05.00,  page 11.
Hexidecimal  [16-Bits]

Area                       Addr        Size        Decimal Bytes (Attributes)
--------------------       ----        ----        ------- ----- ------------
.text                      8000        6443 =       25667. bytes (REL,CON,CSEG)

         Value  Global                             Global Defined In Module
         -----  --------------------------------   ------------------------
          C10F  _lamp_leff_free                    lamp.c
          C115  _lamp_flash_on                     lamp.c
          C153  _lamp_on                           lamp.c
          C159  _leff_dump                         leff.c
          C15A  _leff_init                         leff.c
          C161  _leff_stop_all                     leff.c
          C17F  _leff_running_p                    leff.c
          C196  _leff_create_handler               leff.c
          C230  _leff_start_highest_priority       leff.c
          C29F  _leff_exit                         leff.c
          C2F1  _leff_stop                         leff.c
          C36A  _leff_start                        leff.c
          C3D2  _leff_restart                      leff.c
          C41F  _message_write                     message.c
          C506  _sol_modify_duty                   sol.c
          C50A  _sol_modify_timeout                sol.c
          C510  _sol_req_rtt                       sol.c
          C559  _sol_start_real                    sol.c
          C57E  _sol_stop                          sol.c
          C594  _sol_init                          sol.c
          C5D4  _sol_free                          sol.c
          C5E6  _sol_req_start_specific            sol.c
          C67A  _sol_req_start                     sol.c
          C6A5  _sol_request                       sol.c
          C6DF  _sol_request_async                 sol.c
          C70D  _sol_idle_every_100ms              sol.c
          C759  _sound_write_queue_empty_p         sound.c
          C769  _music_set                         sound.c
          C797  _music_off                         sound.c
          C79D  _sound_board_poll                  sound.c
          C7B4  _sound_idle_every_100ms            sound.c
          C7C5  _sound_read_rtt                    sound.c
          C7EE  _sound_write_rtt                   sound.c
          C812  _sound_reset                       sound.c
          C815  _sound_init                        sound.c
          C81E  _sound_write                       sound.c
          C831  _sound_file_register               sound.c
          C837  _sound_music_refresh               sound.c
          C84F  _volume_set                        sound.c
          C8A2  _volume_refresh                    sound.c
          C8AE  _sound_volume_up                   sound.c
          C8C5  _sound_volume_down                 sound.c
          C8DA  _volume_reset                      sound.c
          C8DF  _sound_send                        sound.c
          C8F8  _sound_board_command               sound.c
          C945  _sound_board_read                  sound.c
          C976  _sound_board_init                  sound.c
          C9DD  _sound_version_render              sound.c
          CA0E  _volume_csum_info                  sound.c
          CA17  _switch_lookup                     switches.c
          CA27  _switch_lookup_lamp                switches.c
ASxxxx Linker V05.00,  page 12.
Hexidecimal  [16-Bits]

Area                       Addr        Size        Decimal Bytes (Attributes)
--------------------       ----        ----        ------- ----- ------------
.text                      8000        6443 =       25667. bytes (REL,CON,CSEG)

         Value  Global                             Global Defined In Module
         -----  --------------------------------   ------------------------
          CA35  _switch_short_detect               switches.c
          CA7D  _switch_init_complete              switches.c
          CA84  _switch_idle_every_second          switches.c
          CA8E  _switch_queue_init                 switches.c
          CABA  _switch_init                       switches.c
          CB3C  _switch_diagnostic_check           switches.c
          CB6F  _switch_queue_remove               switches.c
          CB8B  _switch_queue_add                  switches.c
          CBBF  _switch_sched_task                 switches.c
          CC9D  _switch_lamp_pulse                 switches.c
          CCEA  _switch_is_opto                    switches.c
          CCFC  _switch_poll                       switches.c
          CD0E  _switch_poll_logical               switches.c
          CD21  _switch_transitioned               switches.c
          CD7A  _switch_service_queue              switches.c
          CDD7  _switch_periodic                   switches.c
          CE55  _timer_lock                        timer.c
          CE59  _timer_unlock                      timer.c
          CE5D  _timer_init                        timer.c
          CE61  _timer_start                       timer.c
          CE77  _timer_start1                      timer.c
          CE8D  _timer_restart                     timer.c
          CEA3  _freerunning_timer_function        timer.c
          CEBF  _system_timer_pause                timer.c
          CF1B  _timer_pause_second                timer.c
          CF3D  _triac_dump                        triac.c
          CF6D  _triac_rtt                         triac.c
          CF80  _gi_clear_dimming                  triac.c
          CF98  _triac_update                      triac.c
          CFBA  _gi_enable                         triac.c
          CFFC  _gi_disable                        triac.c
          D03C  _gi_dim                            triac.c
          D0AB  _gi_leff_allocate                  triac.c
          D0E9  _gi_leff_free                      triac.c
          D12F  _gi_leff_enable                    triac.c
          D169  _gi_leff_disable                   triac.c
          D1A1  _gi_leff_dim                       triac.c
          D210  _gi_init                           triac.c
          D24C  _simple_sounds                     simple_switches.c
          D2B9  _simple_switches_sw_sling          simple_switches.c
          D2C0  _simple_switches_sw_right_outlan   simple_switches.c
          D2E6  _simple_switches_sw_upper_reboun   simple_switches.c
          D300  _simple_switches_sw_upper_left_f   simple_switches.c
          D317  _simple_switches_sw_lower_reboun   simple_switches.c
          D341  _SSTotalNumOfSounds                simple_switches.c
          D342  _outlaneSoundArray                 simple_switches.c
          D35A  _orbits_reset                      orbits.c
          D36A  _orbits_start_ball                 orbits.c
          D37A  _left_loop_goal_award              orbits.c
          D3A4  _right_loop_goal_award             orbits.c
          D3CE  _right_orbit_shot_made             orbits.c
ASxxxx Linker V05.00,  page 13.
Hexidecimal  [16-Bits]

Area                       Addr        Size        Decimal Bytes (Attributes)
--------------------       ----        ----        ------- ----- ------------
.text                      8000        6443 =       25667. bytes (REL,CON,CSEG)

         Value  Global                             Global Defined In Module
         -----  --------------------------------   ------------------------
          D476  _left_orbit_shot_made              orbits.c
          D51E  _orbits_sw_right_freeway           orbits.c
          D592  _orbits_sw_left_loop               orbits.c
          D606  _right_orbit_task                  orbits.c
          D60E  _left_orbit_task                   orbits.c
          D616  _player_orbits_reset               orbits.c
          D646  _orbits_start_player               orbits.c
          D649  _rl_arrow_light_off                orbits.c
          D65B  _ll_arrow_light_off                orbits.c
          D66D  _rl_jackpot_light_off              orbits.c
          D67F  _ll_jackpot_light_off              orbits.c
          D691  _deactivate_explode_inserts_orbi   orbits.c
          D6AB  _multiball_light_off               orbits.c
          D6BD  _extraball_light_off               orbits.c
          D6CF  _rl_arrow_light_on                 orbits.c
          D6E1  _ll_arrow_light_on                 orbits.c
          D6F3  _rl_jackpot_light_on               orbits.c
          D705  _ll_jackpot_light_on               orbits.c
          D717  _multiball_light_on                orbits.c
          D721  _extraball_light_on                orbits.c
          D774  _activate_explode_inserts_orbits   orbits.c
          D790  _ORBITS_EASY_GOAL                  orbits.c
          D791  _ORBITS_PREDEFINED_GOAL_INCREMEN   orbits.c
          D792  _ORBITS_GOAL_STEP                  orbits.c
          D793  _ORBITS_GOAL_MAX                   orbits.c
          D794  _ramps_end_ball                    ramps.c
          D795  _left_ramp_goal_award              ramps.c
          D7A5  _right_ramp_goal_award             ramps.c
          D7B5  _center_ramp_goal_award            ramps.c
          D7C5  _side_ramp_goal_award              ramps.c
          D7D5  _missed_ramp_sounds                ramps.c
          D7F9  _ramp_sounds                       ramps.c
          D81D  _side_ramp_made                    ramps.c
          D8A5  _ramps_sw_side_ramp_exit           ramps.c
          D8B1  _ramps_sw_side_ramp_enter          ramps.c
          D8E5  _ramps_sw_right_ramp_enter         ramps.c
          D935  _ramps_sw_left_ramp_enter          ramps.c
          D985  _side_ramp_task                    ramps.c
          D98D  _right_ramp_task                   ramps.c
          D995  _left_ramp_task                    ramps.c
          D99D  _carchase_mode_on                  ramps.c
          D9B9  _activate_explode_inserts_ramps    ramps.c
          D9D5  _carchase_mode_off                 ramps.c
          D9EF  _deactivate_explode_inserts_ramp   ramps.c
          DA09  _ramps_sw_center_ramp              ramps.c
          DAFC  _right_ramp_made                   ramps.c
          DBD9  _ramps_sw_right_ramp_exit          ramps.c
          DBE5  _left_ramp_made                    ramps.c
          DCD8  _ramps_sw_left_ramp_exit           ramps.c
          DCE4  _sramp_arrow_light_off             ramps.c
          DCF6  _sramp_jackpot_light_off           ramps.c
ASxxxx Linker V05.00,  page 14.
Hexidecimal  [16-Bits]

Area                       Addr        Size        Decimal Bytes (Attributes)
--------------------       ----        ----        ------- ----- ------------
.text                      8000        6443 =       25667. bytes (REL,CON,CSEG)

         Value  Global                             Global Defined In Module
         -----  --------------------------------   ------------------------
          DD08  _cramp_arrow_light_off             ramps.c
          DD1A  _cramp_jackpot_light_off           ramps.c
          DD2C  _rramp_arrow_light_off             ramps.c
          DD3E  _rramp_jackpot_light_off           ramps.c
          DD50  _lramp_arrow_light_off             ramps.c
          DD62  _lramp_jackpot_light_off           ramps.c
          DD74  _deactivate_left_ramp_quickfreez   ramps.c
          DD86  _activate_left_ramp_quickfreeze    ramps.c
          DD98  _sramp_arrow_light_on              ramps.c
          DDAA  _sramp_jackpot_light_on            ramps.c
          DDBC  _cramp_arrow_light_on              ramps.c
          DDCE  _cramp_jackpot_light_on            ramps.c
          DDE0  _rramp_arrow_light_on              ramps.c
          DDF2  _rramp_jackpot_light_on            ramps.c
          DE04  _lramp_arrow_light_on              ramps.c
          DE16  _lramp_jackpot_light_on            ramps.c
          DE28  _rramp_clawready_off               ramps.c
          DE4C  _rramp_clawready_on                ramps.c
          DE70  _ramps_reset                       ramps.c
          DEA4  _ramps_start_ball                  ramps.c
          DEA7  _players_ramps_reset               ramps.c
          DED0  _ramps_start_player                ramps.c
          DED3  _RAMPS_EASY_GOAL                   ramps.c
          DED4  _RAMPS_PREDEFINED_GOAL_INCREMENT   ramps.c
          DED5  _RAMPS_GOAL_STEP                   ramps.c
          DED6  _RAMPS_GOAL_MAX                    ramps.c
          DED7  _RampsTotalNumOfSounds             ramps.c
          DED8  _rampSoundsArray                   ramps.c
          DF0A  _missedTotalNumOfSounds            ramps.c
          DF0B  _missedRampSoundsArray             ramps.c
          DF23  _tick_driver                       sched_irq.c
          DF28  _tick_init                         sched_irq.c
          E356  __exit                             
          E35D  __start                            
          E38A  _umodhi3                           
          E39B  _udivhi3                           
          E3A9  _divhi3                            
          E3B7  _mulhi3                            
          E3D6  _seuclid                           
          E411  _euclid                            
ASxxxx Linker V05.00,  page 15.
Hexidecimal  [16-Bits]

Area                       Addr        Size        Decimal Bytes (Attributes)
--------------------       ----        ----        ------- ----- ------------
.flag                      0000        002F =          47. bytes (REL,CON,CSEG)

         Value  Global                             Global Defined In Module
         -----  --------------------------------   ------------------------
          0000  _FLAG_IS_ACMAG_ACTIVATED           mach_vars.c
          0001  _FLAG_IS_CARCHASE_MODE_ACTIVATED   mach_vars.c
          0002  _FLAG_IS_EXPLODE_MODE_ACTIVATED    mach_vars.c
          0003  _FLAG_IS_COMPUTER_ACTIVATED        mach_vars.c
          0004  _FLAG_IS_COMBOS_KILLED             mach_vars.c
          0005  _FLAG_IS_EXTRABALL_LIT             mach_vars.c
          0006  _FLAG_IS_SUPERJETS_ACTIVATED       mach_vars.c
          0007  _FLAG_IS_COMBO_SIDERAMP_ACTIVATE   mach_vars.c
          0008  _FLAG_IS_COMBO_LEFTRAMP_ACTIVATE   mach_vars.c
          0009  _FLAG_IS_COMBO_RIGHTRAMP_ACTIVAT   mach_vars.c
          000A  _FLAG_IS_COMBO_UNDER_ACTIVATED     mach_vars.c
          000B  _FLAG_IS_COMBO_CENTERRAMP_ACTIVA   mach_vars.c
          000C  _FLAG_IS_COMBO_LEFTORB_ACTIVATED   mach_vars.c
          000D  _FLAG_IS_COMBO_RIGHTORB_ACTIVATE   mach_vars.c
          000E  _FLAG_IS_CAPSIM_SIDERAMP_ACTIVAT   mach_vars.c
          000F  _FLAG_IS_CAPSIM_LEFTRAMP_ACTIVAT   mach_vars.c
          0010  _FLAG_IS_CAPSIM_RIGHTRAMP_ACTIVA   mach_vars.c
          0011  _FLAG_IS_CAPSIM_UNDER_ACTIVATED    mach_vars.c
          0012  _FLAG_IS_CAPSIM_CENTERRAMP_ACTIV   mach_vars.c
          0013  _FLAG_IS_CAPSIM_LEFTORB_ACTIVATE   mach_vars.c
          0014  _FLAG_IS_CAPSIM_RIGHTORB_ACTIVAT   mach_vars.c
          0015  _FLAG_IS_UGROUND_ARROW_ACTIVATED   mach_vars.c
          0016  _FLAG_IS_L_LOOP_ARROW_ACTIVATED    mach_vars.c
          0017  _FLAG_IS_R_LOOP_ARROW_ACTIVATED    mach_vars.c
          0018  _FLAG_IS_L_RAMP_ARROW_ACTIVATED    mach_vars.c
          0019  _FLAG_IS_C_RAMP_ARROW_ACTIVATED    mach_vars.c
          001A  _FLAG_IS_S_RAMP_ARROW_ACTIVATED    mach_vars.c
          001B  _FLAG_IS_R_RAMP_ARROW_ACTIVATED    mach_vars.c
          001C  _FLAG_IS_UGROUND_JACKPOT_ACTIVAT   mach_vars.c
          001D  _FLAG_IS_L_LOOP_JACKPOT_ACTIVATE   mach_vars.c
          001E  _FLAG_IS_R_LOOP_JACKPOT_ACTIVATE   mach_vars.c
          001F  _FLAG_IS_L_RAMP_JACKPOT_ACTIVATE   mach_vars.c
          0020  _FLAG_IS_C_RAMP_JACKPOT_ACTIVATE   mach_vars.c
          0021  _FLAG_IS_S_RAMP_JACKPOT_ACTIVATE   mach_vars.c
          0022  _FLAG_IS_R_RAMP_JACKPOT_ACTIVATE   mach_vars.c
          0023  _FLAG_IS_CRYOCLAW_ACTIVATED        mach_vars.c
          0024  _FLAG_IS_MULTIBALL_ACTIVATED       mach_vars.c
          0025  _FLAG_IS_FORTRESS_ACTIVATED        mach_vars.c
          0026  _FLAG_IS_BALL_ON_CLAW              mach_vars.c
          0027  _FLAG_IS_R_RAMP_CLAWREADY          mach_vars.c
          0028  _FLAG_IN_VIDEO_MODE                mach_vars.c
          0029  _FLAG_IS_PBREAK_ACTIVATED          mach_vars.c
          002A  _FLAG_IS_MUSEUM_ACTIVATED          mach_vars.c
          002B  _FLAG_IS_CRYOPRISON_ACTIVATED      mach_vars.c
          002C  _FLAG_IS_WASTELAND_ACTIVATED       mach_vars.c
          002D  _FLAG_IS_DEMOTIME_ACTIVATED        mach_vars.c
          002E  _FLAG_IS_LRAMP_QUICKFREEZE_ACTIV   mach_vars.c

ASxxxx Linker V05.00,  page 16.
Hexidecimal  [16-Bits]

Area                       Addr        Size        Decimal Bytes (Attributes)
--------------------       ----        ----        ------- ----- ------------
.globalflag                0000        0002 =           2. bytes (REL,CON,CSEG)

         Value  Global                             Global Defined In Module
         -----  --------------------------------   ------------------------
          0000  _GLOBAL_FLAG_BALL_AT_PLUNGER       mach_vars.c
          0001  _GLOBAL_FLAG_COIN_DOOR_OPENED      mach_vars.c

ASxxxx Linker V05.00,  page 17.
Hexidecimal  [16-Bits]

Area                       Addr        Size        Decimal Bytes (Attributes)
--------------------       ----        ----        ------- ----- ------------
direct                     0004        00D7 =         215. bytes (REL,CON,CSEG)

         Value  Global                             Global Defined In Module
         -----  --------------------------------   ------------------------
          0004  __far_call_address                 farcall.s
          0006  __far_call_page                    farcall.s
          0007  m0                                 start.s
          0008  m1                                 start.s
          0009  m2                                 start.s
          000A  m3                                 start.s
          000B  _task_dispatching_ok               task.c
          000C  _task_current                      task.c
          000E  _task_save_U                       task.c
          0010  _task_save_X                       task.c
          0012  _last_dispatch_time                task.c
          0014  _font_args                         font.c
          0018  _font_width                        font.c
          0019  _font_byte_width                   font.c
          001A  _font_height                       font.c
          001B  _blit_dmd                          font.c
          001D  _in_game                           game.c
          001E  _in_bonus                          game.c
          001F  _in_tilt                           game.c
          0020  _in_test                           game.c
          0021  _sling_enables                     left_sling.c
          0022  _sling_running                     left_sling.c
          0023  _left_sling_timer                  left_sling.c
          0024  _right_sling_timer                 right_sling.c
          0025  _jet_enables                       left_jet.c
          0026  _jet_running                       left_jet.c
          0027  _left_jet_timer                    left_jet.c
          0028  _right_jet_timer                   right_jet.c
          0029  _top_sling_timer                   top_sling.c
          002A  _diverter_timer                    diverter.c
          002B  _elevator_state                    elevator.c
          002C  _elevator_timer                    elevator.c
          002D  _claw_state                        claw.c
          002E  _claw_timer                        claw.c
          002F  _wpc_rom_bank                      init_wpc.c
          0030  _zc_timer                          ac.c
          0031  _dmd_visible_pages                 dmd.c
          0033  _dmd_rtt                           dmd.c
          0035  _flippers_enabled                  flip.c
          0036  _fliptronic_powered_coil_outputs   flip.c
          0037  _flipper_inputs                    flip.c
          0038  _flipper_outputs                   flip.c
          0039  _flipper_overrides                 flip.c
          003A  _sys_time                          init.c
          003C  _lamp_matrix                       lamp.c
          0044  _lamp_flash_matrix_now             lamp.c
          004C  _lamp_leff1_matrix                 lamp.c
          0054  _lamp_leff1_allocated              lamp.c
          005C  _lamp_leff2_matrix                 lamp.c
          0064  _lamp_leff2_allocated              lamp.c
ASxxxx Linker V05.00,  page 18.
Hexidecimal  [16-Bits]

Area                       Addr        Size        Decimal Bytes (Attributes)
--------------------       ----        ----        ------- ----- ------------
direct                     0004        00D7 =         215. bytes (REL,CON,CSEG)

         Value  Global                             Global Defined In Module
         -----  --------------------------------   ------------------------
          006C  _lamp_strobe_mask                  lamp.c
          006D  _lamp_strobe_column                lamp.c
          006E  _lamp_power_timer                  lamp.c
          006F  _sol_timers                        sol.c
          008F  _sol_duty_mask                     sol.c
          0090  _sound_write_queue                 sound.c
          009A  _sound_read_queue                  sound.c
          00A4  _sw_raw                            switches.c
          00AE  _sw_edge                           switches.c
          00B8  _sw_stable                         switches.c
          00C2  _sw_unstable                       switches.c
          00CC  _sw_logical                        switches.c
          00D6  _switch_queue_top                  switches.c
          00D8  _tick_function                     sched_irq.c
          00DA  _tick_divider                      sched_irq.c

ASxxxx Linker V05.00,  page 19.
Hexidecimal  [16-Bits]

Area                       Addr        Size        Decimal Bytes (Attributes)
--------------------       ----        ----        ------- ----- ------------
ram                        0100        0F12 =        3858. bytes (REL,CON,CSEG)

         Value  Global                             Global Defined In Module
         -----  --------------------------------   ------------------------
          0100  start_time                         irqload
          0102  loop_count                         irqload
          0104  _bitmap_src                        bitmap_6809.s
          0108  _task_tail                         task.c
          010A  _task_buffer                       task.c
          0BEA  _idle_time                         task.c
          0BEC  _idle_chunks                       task.c
          0BED  _idle_ready_time                   idle.c
          0BEF  _idle_second_timer                 idle.c
          0BF0  _idle_10second_timer               idle.c
          0BF1  _str_off                           lang.c
          0BF2  _mb_mode_count                     mbmode.c
          0BF3  _puts_handler                      puts.c
          0BF5  _random_entropy                    random.c
          0BF6  _deff_component_table              deff.c
          0BFE  _deff_data_pending                 deff.c
          0C08  _deff_data_pending_count           deff.c
          0C09  _deff_data_active                  deff.c
          0C13  _deff_data_active_count            deff.c
          0C14  _deff_background                   deff.c
          0C15  _deff_running                      deff.c
          0C16  _deff_prio                         deff.c
          0C17  _deff_queue                        deff.c
          0C43  _font_string_width                 font.c
          0C44  _font_string_height                font.c
          0C45  _top_space                         font.c
          0C46  _valid_playfield                   game.c
          0C47  _player_up                         game.c
          0C48  _ball_up                           game.c
          0C49  _timed_game_timer                  game.c
          0C4A  _novalid_sw                        game.c
          0C4C  _timed_game_suspend_count          game.c
          0C4D  _lamplist_alternation_state        lamplist.c
          0C56  _sprintf_buffer                    printf.c
          0C86  _sprintf_width                     printf.c
          0C87  _sprintf_leading_zeroes            printf.c
          0C88  _leading_zero_count                printf.c
          0C89  _number_length                     printf.c
          0C8B  _min_width                         printf.c
          0C8C  _comma_positions                   printf.c
          0C8D  _commas_written                    printf.c
          0C8E  _separator_char                    printf.c
          0C8F  _score_update_needed               score.c
          0C90  _current_score                     score.c
          0C92  _last_score                        score.c
          0C97  _global_score_multiplier           score.c
          0C98  _last_multiplier                   score.c
          0C99  _deff_score                        score.c
          0C9E  _deff_multiplier                   score.c
          0C9F  _elevator_speed                    elevator.c
ASxxxx Linker V05.00,  page 20.
Hexidecimal  [16-Bits]

Area                       Addr        Size        Decimal Bytes (Attributes)
--------------------       ----        ----        ------- ----- ------------
ram                        0100        0F12 =        3858. bytes (REL,CON,CSEG)

         Value  Global                             Global Defined In Module
         -----  --------------------------------   ------------------------
          0CA0  _claw_location                     claw.c
          0CA1  _claw_speed                        claw.c
          0CA2  _wpc_led_reg                       init_wpc.c
          0CA3  _zc_status                         ac.c
          0CA4  _ac_zerocross_errors               ac.c
          0CA5  _last_adjustment_changed           adj.c
          0CA7  _dmd_mapped_pages                  dmd.c
          0CA9  _dmd_trans_data_ptr                dmd.c
          0CAB  _dmd_in_transition                 dmd.c
          0CAC  _dmd_transition                    dmd.c
          0CAE  _dmd_free_page                     dmd.c
          0CAF  _dmd_trans_data_ptr2               dmd.c
          0CB1  _dmd_composite_page                dmd.c
          0CB2  _dmd_phase_ptr                     dmd.c
          0CB4  _last_nonfatal_error_code          error.c
          0CB5  _last_nonfatal_error_gid           error.c
          0CB6  _free_timers                       freetimer.c
          0CD6  _sys_init_complete                 init.c
          0CD7  _sys_init_pending_tasks            init.c
          0CD8  _periodic_ok                       init.c
          0CD9  _lamp_flash_matrix                 lamp.c
          0CE1  _bit_matrix                        lamp.c
          0CE9  _global_bits                       lamp.c
          0CED  _lamp_power_level                  lamp.c
          0CEE  _lamp_power_idle_timer             lamp.c
          0CF0  _leff_prio                         leff.c
          0CF1  _leffs_running                     leff.c
          0CF2  _message_line_handler              message.c
          0CF4  _message_line_count                message.c
          0CF5  _sol_duty_state                    sol.c
          0D15  _sol_pulsing                       sol.c
          0D16  _sol_reg_readable                  sol.c
          0D1C  _req_lock                          sol.c
          0D1D  _req_reg_write                     sol.c
          0D1F  _req_reg_read                      sol.c
          0D21  _req_bit                           sol.c
          0D22  _req_inverted                      sol.c
          0D23  _sol_pulse_timer                   sol.c
          0D24  _sol_pulse_duty                    sol.c
          0D25  _sol_req_queue                     sol.c
          0D2F  _current_music                     sound.c
          0D31  _sound_error_code                  sound.c
          0D32  _sound_version_major               sound.c
          0D33  _sound_version_minor               sound.c
          0D34  _sound_board_type                  sound.c
          0D35  _sw_queued                         switches.c
          0D3F  _switch_queue                      switches.c
          0D5F  _switch_last_service_time          switches.c
          0D61  _sw_last_scheduled                 switches.c
          0D62  _sw_short_timer                    switches.c
          0D63  _timer_lock_count                  timer.c
ASxxxx Linker V05.00,  page 21.
Hexidecimal  [16-Bits]

Area                       Addr        Size        Decimal Bytes (Attributes)
--------------------       ----        ----        ------- ----- ------------
ram                        0100        0F12 =        3858. bytes (REL,CON,CSEG)

         Value  Global                             Global Defined In Module
         -----  --------------------------------   ------------------------
          0D65  _triac_io_cache                    triac.c
          0D66  _triac_output                      triac.c
          0D67  _gi_leff_alloc                     triac.c
          0D68  _gi_leff_output                    triac.c
          0D69  _gi_dimming                        triac.c
          0D74  _gi_leff_dimming                   triac.c
          0D7F  _orbits_SoundCounter               orbits.c
          0D80  _left_loop_counter                 orbits.c
          0D81  _right_loop_counter                orbits.c
          0D82  _all_loop_counter                  orbits.c
          0D83  _right_loop_goal                   orbits.c
          0D84  _left_loop_goal                    orbits.c
          0D85  _all_loop_goal                     orbits.c
          0D86  _left_Loop_Explode_activated       orbits.c
          0D87  _right_Loop_Explode_activated      orbits.c
          0D88  _ramp_SoundCounter                 ramps.c
          0D89  _left_ramp_counter                 ramps.c
          0D8A  _right_ramp_counter                ramps.c
          0D8B  _center_ramp_counter               ramps.c
          0D8C  _side_ramp_counter                 ramps.c
          0D8D  _all_ramp_counter                  ramps.c
          0D8E  _left_ramp_goal                    ramps.c
          0D8F  _right_ramp_goal                   ramps.c
          0D90  _center_ramp_goal                  ramps.c
          0D91  _side_ramp_goal                    ramps.c
          0D92  _all_ramp_goal                     ramps.c
          0D93  _left_Ramp_CarChase_activated      ramps.c
          0D94  _left_Ramp_Explode_activated       ramps.c
          0D95  _right_Ramp_CarChase_activated     ramps.c
          0D96  _right_Ramp_Explode_activated      ramps.c
          0D97  _jet_shots_made                    jets.c
          0D98  _jet_goal                          jets.c
          0D99  _jets_modes_achieved               jets.c
          0D9A  _superjets_mode_shots_made         superjets.c
          0D9B  _superjets_mode_timer              superjets.c
          0D9C  _superjets_mode_score              superjets.c
          0DA1  _superjets_mode_next_score         superjets.c
          0DA6  _superjets_mode_score_total_scor   superjets.c
          0DAB  _superjets_goal                    superjets.c
          0DAC  _sj_counter                        superjets.c
          0DAD  _eyeball_MessageCounter            eyeball.c
          0DAE  _eyeball_shots_made                eyeball.c
          0DAF  _eyeball_eb_shots_made             eyeball.c
          0DB0  _temp_score                        eyeball.c
          0DB5  _wheelie_ypos                      wheelie.c
          0DB6  _wheelie_xpos                      wheelie.c
          0DB7  _wheelie_speed                     wheelie.c
          0DB8  _wheelie_speed_calc                wheelie.c
          0DB9  _wheelie_buttons_pressed           wheelie.c
          0DBA  _wheelie_arrow_offset              wheelie.c
          0DBB  _wheelie_running                   wheelie.c
ASxxxx Linker V05.00,  page 22.
Hexidecimal  [16-Bits]

Area                       Addr        Size        Decimal Bytes (Attributes)
--------------------       ----        ----        ------- ----- ------------
ram                        0100        0F12 =        3858. bytes (REL,CON,CSEG)

         Value  Global                             Global Defined In Module
         -----  --------------------------------   ------------------------
          0DBC  _wheelie_state                     wheelie.c
          0DBD  _wheelie_game_state                wheelie.c
          0DBE  _top_popperSwitchDebouncer         top_popper.c
          0DBF  _standup_MessageCounter            standupfrenzy.c
          0DC0  _standupFrenzy_temp_counter        standupfrenzy.c
          0DC1  _standupFrenzy_temp_score          standupfrenzy.c
          0DC6  _standupFrenzyTimer                standupfrenzy.c
          0DC7  _standupFrenzyTotalScore           standupfrenzy.c
          0DCC  _standupFrenzyLastScore            standupfrenzy.c
          0DD1  _standupFrenzyNextScore            standupfrenzy.c
          0DD6  _standupFrenzyLightsLit            standupfrenzy.c
          0DD7  _standupLightsLit                  standupfrenzy.c
          0DD8  _isStandupFrenzyActivated          standupfrenzy.c
          0DD9  _collect_standups_counter          standupfrenzy.c
          0DDA  _total_bonus                       bonus.c
          0DDF  _bonus_scored                      bonus.c
          0DE4  _buttons_held                      bonus.c
          0DE5  _capture_simon_SoundCounter        capture_simon.c
          0DE6  _capture_simon_mode_shots_made     capture_simon.c
          0DE7  _capture_simon_mode_shots_goal     capture_simon.c
          0DE8  _capture_simon_mode_timer          capture_simon.c
          0DE9  _capture_simon_mode_score          capture_simon.c
          0DEE  _capture_simon_mode_last_score     capture_simon.c
          0DF3  _capture_simon_mode_next_score     capture_simon.c
          0DF8  _capture_simon_mode_score_total_   capture_simon.c
          0DFD  _prison_break_mode_shots_made      prison_break.c
          0DFE  _prison_break_mode_timer           prison_break.c
          0DFF  _prison_break_mode_score           prison_break.c
          0E04  _prison_break_mode_last_score      prison_break.c
          0E09  _prison_break_mode_next_score      prison_break.c
          0E0E  _prison_break_mode_score_total_s   prison_break.c
          0E13  _fortress_score                    fortress.c
          0E18  _fortress_jackpot_shots_made       fortress.c
          0E19  _fortress_MessageCounter           fortress.c
          0E1A  _fortress_start_music              fortress.c
          0E1B  _museum_score                      museum.c
          0E20  _museum_jackpot_shots_made         museum.c
          0E21  _museum_MessageCounter             museum.c
          0E22  _museum_start_music                museum.c
          0E23  _cryoprison_score                  cryoprison.c
          0E28  _cryoprison_jackpot_shots_made     cryoprison.c
          0E29  _cryoprison_MessageCounter         cryoprison.c
          0E2A  _cryoprison_start_music            cryoprison.c
          0E2B  _wasteland_score                   wasteland.c
          0E30  _wasteland_jackpot_shots_made      wasteland.c
          0E31  _wasteland_MessageCounter          wasteland.c
          0E32  _wasteland_start_music             wasteland.c
          0E33  _demotime_score                    demotime.c
          0E38  _demotime_jackpot_shots_made       demotime.c
          0E39  _demotime_MessageCounter           demotime.c
          0E3A  _demotime_start_music              demotime.c
ASxxxx Linker V05.00,  page 23.
Hexidecimal  [16-Bits]

Area                       Addr        Size        Decimal Bytes (Attributes)
--------------------       ----        ----        ------- ----- ------------
ram                        0100        0F12 =        3858. bytes (REL,CON,CSEG)

         Value  Global                             Global Defined In Module
         -----  --------------------------------   ------------------------
          0E3B  _lock_SoundCounter                 lock_freeze_mbstart.c
          0E3C  _cryoclaw_mode_timer               cryoclaw.c
          0E3D  _middle_rollover_activated         rollovers.c
          0E3E  _top_rollover_activated            rollovers.c
          0E3F  _lower_rollover_activated          rollovers.c
          0E40  _rollover_bonus_multiplier         rollovers.c
          0E41  _rollover_SoundCounter             rollovers.c
          0E42  _rollover_MessageCounter           rollovers.c
          0E43  _car_chase_mode_shots_made         car_chase_mode.c
          0E44  _car_chase_mode_timer              car_chase_mode.c
          0E45  _car_chase_mode_score              car_chase_mode.c
          0E4A  _car_chase_mode_temp_score         car_chase_mode.c
          0E4F  _car_chase_mode_score_total_scor   car_chase_mode.c
          0E54  _CCalternator                      car_chase_mode.c
          0E55  _acmag_mode_shots_made             acmag.c
          0E56  _acmag_mode_timer                  acmag.c
          0E57  _acmag_mode_score                  acmag.c
          0E5C  _acmag_mode_last_score             acmag.c
          0E61  _acmag_mode_next_score             acmag.c
          0E66  _acmag_mode_score_total_score      acmag.c
          0E6B  _star_states                       acmag.c
          0E9B  _in_ending                         startup_shutdown.c
          0E9C  _alternator                        dm_amode.c
          0E9D  _lamplist                          dm_amode.c
          0E9E  _undergroundSwitchDebouncer        underground.c
          0E9F  _underground_shots_made            underground.c
          0EA0  _underground_goal                  underground.c
          0EA1  _computerAwards                    underground.c
          0EA2  _underground_inBall_search         underground.c
          0EA3  _square_states                     underground.c
          0EEB  _left_inlane_Access_Claw_activat   inlanes.c
          0EEC  _right_inlane_Light_Quick_Freeze   inlanes.c
          0EED  _carCrashFirstSwitchDebouncer      car_crash.c
          0EEE  _carCrashSecondSwitchDebouncer     car_crash.c
          0EEF  _carCrashThirdSwitchDebouncer      car_crash.c
          0EF0  _car_crash_multiplier              car_crash.c
          0EF1  _car_crash_shots_made              car_crash.c
          0EF2  _is_car_crash_six_lit              car_crash.c
          0EF3  _is_car_crash_ten_lit              car_crash.c
          0EF4  _is_car_crash_three_lit            car_crash.c
          0EF5  _combo_counter                     combos.c
          0EF6  _computer_award_activated          combos.c
          0EF7  _eject_killer_counter              eject.c
          0EF8  _retina_scan_multiplier            eject.c
          0EF9  _explode_MessageCounter            explode.c
          0EFA  _explode_temp_counter              explode.c
          0EFB  _explode_SoundCounter              explode.c
          0EFC  _explode_mode_timer                explode.c
          0EFD  _explode_mode_shots_made           explode.c
          0EFE  _explode_mode_score                explode.c
          0F03  _explode_mode_last_score           explode.c
ASxxxx Linker V05.00,  page 24.
Hexidecimal  [16-Bits]

Area                       Addr        Size        Decimal Bytes (Attributes)
--------------------       ----        ----        ------- ----- ------------
ram                        0100        0F12 =        3858. bytes (REL,CON,CSEG)

         Value  Global                             Global Defined In Module
         -----  --------------------------------   ------------------------
          0F08  _explode_mode_temp_score           explode.c
          0F0D  _explode_mode_display_score        explode.c
          0F12  _amode_page                        amode.c
          0F13  _amode_page_changed                amode.c
          0F14  _ball_save_timer                   ballsave.c
          0F15  _flipcode_digit                    flipcode.c
          0F16  _flipcode_value                    flipcode.c
          0F18  _initials_enter_timer              initials.c
          0F19  _initials_index                    initials.c
          0F1A  _initials_selection                initials.c
          0F1B  _initials_data                     initials.c
          0F1F  _match_count                       match.c
          0F20  _match_value                       match.c
          0F21  _printer_lineno                    printer.c
          0F22  _printer_colno                     printer.c
          0F23  _printer_pageno                    printer.c
          0F24  _printer_string_page               printer.c
          0F25  _print_header_needed               printer.c
          0F26  _printout_name                     printer.c
          0F29  _edit_date                         rtc.c
          0F2E  _rtc_edit_field                    rtc.c
          0F2F  _live_balls_wanted                 serve.c
          0F30  _live_balls_before_door_open       service.c
          0F31  _tilt_warnings                     tilt.c
          0F32  _tournament_mode_enabled           tournament.c
          0F33  _buyin_offer_timer                 buyin.c
          0F34  _buyin_passed                      buyin.c
          0F35  _device_table                      device.c
          0F65  _counted_balls                     device.c
          0F66  _missing_balls                     device.c
          0F67  _live_balls                        device.c
          0F68  _held_balls                        device.c
          0F69  _kickout_locks                     device.c
          0F6A  _max_balls                         device.c
          0F6B  _device_game_start_errors          device.c
          0F6C  _diag_error_count                  diag.c
          0F6D  _diag_announce_flag                diag.c
          0F6E  _high_score_position               highscore.c
          0F6F  _high_score_player                 highscore.c
          0F70  _knock_count                       knocker.c
          0F71  _replay_total_this_game            replay.c
          0F72  _ball_search_count                 search.c
          0F73  _ball_search_timer                 search.c
          0F74  _ball_search_timeout               search.c
          0F75  _ball_time                         search.c
          0F77  _status_report_cancel_delay        status.c
          0F78  _extra_balls                       eb.c
          0F79  _extra_balls_earned_this_bip       eb.c
          0F7A  _hard_extra_balls_lit              eb.c
          0F7B  _effect_update_counter             effect_update.c
          0F7C  _dmd_score_info_base               score_deff_dmd.c
ASxxxx Linker V05.00,  page 25.
Hexidecimal  [16-Bits]

Area                       Addr        Size        Decimal Bytes (Attributes)
--------------------       ----        ----        ------- ----- ------------
ram                        0100        0F12 =        3858. bytes (REL,CON,CSEG)

         Value  Global                             Global Defined In Module
         -----  --------------------------------   ------------------------
          0F7E  _ll_dmd_sweep_addr                 score_deff_dmd.c
          0F80  _ll_sweep_row                      score_deff_dmd.c
          0F81  _ll_sweep_off                      score_deff_dmd.c
          0F82  _ll_sweep_width                    score_deff_dmd.c
          0F83  _ll_sweep_overlay_needed           score_deff_dmd.c
          0F84  _ll_dmd_sweep_counter              score_deff_dmd.c
          0F85  _sound_start_duration              sound_effect.c
          0F86  _sound_start_prio                  sound_effect.c
          0F87  _chtab                             sound_effect.c
          0F8F  _music_prio                        sound_effect.c
          0F90  _music_requested                   sound_effect.c
          0F92  _music_flags                       sound_effect.c
          0F93  _dmd_rough_args                    dmd_rough.c
          0F97  _diverter_test_command             diverter_test.c
          0F98  _elevator_test_command             elevator_test.c
          0F99  _claw_test_command                 claw_test.c
          0F9A  _main_menu                         window.c
          0FA1  _win_top                           window.c
          0FA3  _win_stack                         window.c
          0FCD  _browser_action                    window.c
          0FCE  _browser_last_selection_update     window.c
          0FCF  _browser_item_number               window.c
          0FD1  _browser_min                       window.c
          0FD2  _browser_max                       window.c
          0FD3  _adj_edit_value                    window.c
          0FD4  _browser_audits                    window.c
          0FD6  _browser_histogram                 window.c
          0FD8  _default_audit_value               window.c
          0FDA  _confirm_timer                     window.c
          0FDB  _font_test_offset                  window.c
          0FDC  _font_test_char_width              window.c
          0FDD  _deff_leff_test_ops                window.c
          0FDF  _deff_leff_last_active             window.c
          0FE0  _lamplist_update_mode              window.c
          0FE1  _lamplist_update_speed             window.c
          0FE2  _test_frameno                      window.c
          0FE4  _test_frame_mode                   window.c
          0FE5  _sched_test_count                  window.c
          0FE7  _local_data_pointer                window.c
          0FE9  _memory_editor_addr                window.c
          0FEB  _memory_editor_step                window.c
          0FEC  _memory_editor_modify_flag         window.c
          0FED  _memory_editor_new_value           window.c
          0FEE  _switch_display_timer              window.c
          0FEF  _sound_test_set                    window.c
          0FF0  _flasher_test_mode                 window.c
          0FF1  _sol_duty_level                    window.c
          0FF2  _sol_min_time                      window.c
          0FF3  _sol_step_time                     window.c
          0FF4  _sol_max_time                      window.c
          0FF5  _gi_test_brightness                window.c
ASxxxx Linker V05.00,  page 26.
Hexidecimal  [16-Bits]

Area                       Addr        Size        Decimal Bytes (Attributes)
--------------------       ----        ----        ------- ----- ------------
ram                        0100        0F12 =        3858. bytes (REL,CON,CSEG)

         Value  Global                             Global Defined In Module
         -----  --------------------------------   ------------------------
          0FF6  _preset_component_ptr              preset.c
          0FF8  _current_adjustment                adjust.c
          0FFF  _current_adjustment_value          adjust.c
          1004  _current_adjustment_set            adjust.c
          1006  _adj_lookup                        adjust.c
          1008  _switch_stress_enable              stress.c
          1009  _burnin_duration                   burnin.c
          100D  _score_ranks                       score_rank.c
          1011  _prev_rank                         score_rank.c

ASxxxx Linker V05.00,  page 27.
Hexidecimal  [16-Bits]

Area                       Addr        Size        Decimal Bytes (Attributes)
--------------------       ----        ----        ------- ----- ------------
.freetimer                 0000        0001 =           1. bytes (REL,CON,CSEG)

[...]
          6EB0  _glyph_fireball_F_bits             fireball.fon
          6EC1  _glyph_fireball_G_bits             fireball.fon
          6EE1  _glyph_fireball_H_bits             fireball.fon
          6F01  _glyph_fireball_I_bits             fireball.fon
          6F11  _glyph_fireball_J_bits             fireball.fon
          6F21  _glyph_fireball_K_bits             fireball.fon
          6F41  _glyph_fireball_L_bits             fireball.fon
          6F51  _glyph_fireball_M_bits             fireball.fon
          6F71  _glyph_fireball_N_bits             fireball.fon
          6F8F  _glyph_fireball_O_bits             fireball.fon
          6FAD  _glyph_fireball_P_bits             fireball.fon
          6FCD  _glyph_fireball_Q_bits             fireball.fon
          6FED  _glyph_fireball_R_bits             fireball.fon
          700D  _glyph_fireball_S_bits             fireball.fon
          702B  _glyph_fireball_T_bits             fireball.fon
          704B  _glyph_fireball_U_bits             fireball.fon
          7069  _glyph_fireball_V_bits             fireball.fon
          7087  _glyph_fireball_W_bits             fireball.fon
          70A7  _glyph_fireball_X_bits             fireball.fon
          70C5  _glyph_fireball_Y_bits             fireball.fon
          70E5  _glyph_fireball_Z_bits             fireball.fon
          7105  _glyph_fireball_0_bits             fireball.fon
          7113  _glyph_fireball_1_bits             fireball.fon
          7121  _glyph_fireball_2_bits             fireball.fon
          712F  _glyph_fireball_3_bits             fireball.fon
          713D  _glyph_fireball_4_bits             fireball.fon
          714B  _glyph_fireball_5_bits             fireball.fon
          7159  _glyph_fireball_6_bits             fireball.fon
ASxxxx Linker V05.00,  page 82.
Hexidecimal  [16-Bits]

Area                       Addr        Size        Decimal Bytes (Attributes)
--------------------       ----        ----        ------- ----- ------------
page61                     4000        354E =       13646. bytes (REL,CON,CSEG)

         Value  Global                             Global Defined In Module
         -----  --------------------------------   ------------------------
          7167  _glyph_fireball_7_bits             fireball.fon
          7175  _glyph_fireball_8_bits             fireball.fon
          7183  _glyph_fireball_9_bits             fireball.fon
          7191  _fireball_glyphs                   fireball.fon
          724D  _font_fireball                     fireball.fon
          7252  _glyph_antiqua_period_bits         antiqua.fon
          7256  _glyph_antiqua_atsign_bits         antiqua.fon
          725F  _glyph_antiqua_dollar_bits         antiqua.fon
          726C  _glyph_antiqua_comma_bits          antiqua.fon
          7271  _glyph_antiqua_plus_bits           antiqua.fon
          7278  _glyph_antiqua_minus_bits          antiqua.fon
          727B  _glyph_antiqua_semicolon_bits      antiqua.fon
          7283  _glyph_antiqua_colon_bits          antiqua.fon
          728B  _glyph_antiqua_amp_bits            antiqua.fon
          7296  _glyph_antiqua_bang_bits           antiqua.fon
          72A1  _glyph_antiqua_question_bits       antiqua.fon
          72AC  _glyph_antiqua_lbrace_bits         antiqua.fon
          72BA  _glyph_antiqua_rbrace_bits         antiqua.fon
          72C8  _glyph_antiqua_percent_bits        antiqua.fon
          72D1  _glyph_antiqua_lpar_bits           antiqua.fon
          72DD  _glyph_antiqua_rpar_bits           antiqua.fon
          72E9  _glyph_antiqua_hash_bits           antiqua.fon
          72F4  _glyph_antiqua_A_bits              antiqua.fon
          72FF  _glyph_antiqua_B_bits              antiqua.fon
          730A  _glyph_antiqua_C_bits              antiqua.fon
          7315  _glyph_antiqua_D_bits              antiqua.fon
          7320  _glyph_antiqua_E_bits              antiqua.fon
          732B  _glyph_antiqua_F_bits              antiqua.fon
          7336  _glyph_antiqua_G_bits              antiqua.fon
          7341  _glyph_antiqua_H_bits              antiqua.fon
          734C  _glyph_antiqua_I_bits              antiqua.fon
          7357  _glyph_antiqua_J_bits              antiqua.fon
          7362  _glyph_antiqua_K_bits              antiqua.fon
          736D  _glyph_antiqua_L_bits              antiqua.fon
          7378  _glyph_antiqua_M_bits              antiqua.fon
          738C  _glyph_antiqua_N_bits              antiqua.fon
          7397  _glyph_antiqua_O_bits              antiqua.fon
          73A2  _glyph_antiqua_P_bits              antiqua.fon
          73AD  _glyph_antiqua_Q_bits              antiqua.fon
          73B9  _glyph_antiqua_R_bits              antiqua.fon
          73C4  _glyph_antiqua_S_bits              antiqua.fon
          73CF  _glyph_antiqua_T_bits              antiqua.fon
          73DA  _glyph_antiqua_U_bits              antiqua.fon
          73E5  _glyph_antiqua_V_bits              antiqua.fon
          73F0  _glyph_antiqua_W_bits              antiqua.fon
          7404  _glyph_antiqua_X_bits              antiqua.fon
          740F  _glyph_antiqua_Y_bits              antiqua.fon
          741A  _glyph_antiqua_Z_bits              antiqua.fon
          7425  _glyph_antiqua_0_bits              antiqua.fon
          742E  _glyph_antiqua_1_bits              antiqua.fon
          7437  _glyph_antiqua_2_bits              antiqua.fon
ASxxxx Linker V05.00,  page 83.
Hexidecimal  [16-Bits]

Area                       Addr        Size        Decimal Bytes (Attributes)
--------------------       ----        ----        ------- ----- ------------
page61                     4000        354E =       13646. bytes (REL,CON,CSEG)

         Value  Global                             Global Defined In Module
         -----  --------------------------------   ------------------------
          7440  _glyph_antiqua_3_bits              antiqua.fon
          744B  _glyph_antiqua_4_bits              antiqua.fon
          7456  _glyph_antiqua_5_bits              antiqua.fon
          7461  _glyph_antiqua_6_bits              antiqua.fon
          746C  _glyph_antiqua_7_bits              antiqua.fon
          7477  _glyph_antiqua_8_bits              antiqua.fon
          7482  _glyph_antiqua_9_bits              antiqua.fon
          748D  _antiqua_glyphs                    antiqua.fon
          7549  _font_antiqua                      antiqua.fon
ASxxxx Linker V05.00,  page 84.
Hexidecimal  [16-Bits]
[ Bank == prog ]

Area                       Addr        Size        Decimal Bytes (Attributes)
--------------------       ----        ----        ------- ----- ------------
.ctors                     0000        0002 =           2. bytes (REL,CON,CSEG)

         Value  Global                             Global Defined In Module
         -----  --------------------------------   ------------------------
ASxxxx Linker V05.00,  page 85.
Hexidecimal  [16-Bits]
[ Bank == prog ]

Area                       Addr        Size        Decimal Bytes (Attributes)
--------------------       ----        ----        ------- ----- ------------
.dtors                     0002        0002 =           2. bytes (REL,CON,CSEG)

         Value  Global                             Global Defined In Module
         -----  --------------------------------   ------------------------
ASxxxx Linker V05.00,  page 86.

Files Linked                              [ module(s) ]

build/mach-switchmasks.o                  [ mach_switchmasks.c ]
build/mach-scores.o                       [ mach_scores.c ]
build/mach-switches.o                     [ mach_switches.c ]
build/mach-containers.o                   [ mach_containers.c ]
build/mach-drives.o                       [ mach_drives.c ]
build/mach-deffs.o                        [ mach_deffs.c ]
build/mach-vars.o                         [ mach_vars.c ]
build/mach-fonts.o                        [ mach_fonts.c ]
cpu/m6809/farcall.o                       [ farcall.s ]
cpu/m6809/task_6809.o                     [ task_6809.s ]
cpu/m6809/string.o                        [ asm_string ]
cpu/m6809/bcd_string.o                    [ bcd_string ]
cpu/m6809/irqload.o                       [ irqload ]
cpu/m6809/div32.o                         [ div32.s ]
cpu/m6809/section.o                       [  ]
platform/wpc/bitmap.o                     [ bitmap_6809.s ]
platform/wpc/dmd.o                        [ dmd_6809.s ]
platform/wpc/dot.o                        [ dot_6809.s ]
platform/wpc/shadow.o                     [  ]
platform/wpc/start.o                      [ start.s ]
cpu/m6809/vector.o                        [ vector.c ]
cpu/m6809/div10.o                         [ div10.c ]
cpu/m6809/task.o                          [ task.c ]
kernel/frame.o                            [ frame.c ]
kernel/idle.o                             [ idle.c ]
kernel/lang.o                             [ lang.c ]
kernel/log.o                              [ log.c ]
kernel/mbmode.o                           [ mbmode.c ]
kernel/misc.o                             [ misc.c ]
kernel/puts.o                             [ puts.c ]
kernel/random.o                           [ random.c ]
kernel/sysinfo.o                          [ sysinfo.c ]
kernel/timedmode.o                        [ timedmode.c ]
kernel/deff.o                             [ deff.c ]
kernel/font.o                             [ font.c ]
kernel/game.o                             [ game.c ]
kernel/ladder.o                           [ ladder.c ]
kernel/lamplist.o                         [ lamplist.c ]
kernel/lampset.o                          [ lampset.c ]
kernel/player.o                           [ player.c ]
kernel/printf.o                           [ printf.c ]
kernel/score.o                            [ score.c ]
kernel/task.o                             [ task.c ]
build/left_sling.o                        [ left_sling.c ]
build/right_sling.o                       [ right_sling.c ]
build/left_jet.o                          [ left_jet.c ]
build/right_jet.o                         [ right_jet.c ]
build/top_sling.o                         [ top_sling.c ]
build/diverter.o                          [ diverter.c ]
build/elevator.o                          [ elevator.c ]
build/claw.o                              [ claw.c ]
build/clawmagnet.o                        [ clawmagnet.c ]
platform/wpc/interrupt.o                  [ interrupt.c ]
platform/wpc/init-wpc.o                   [ init_wpc.c ]
platform/wpc/wpc-switch.o                 [ wpc_switch.c ]
platform/wpc/wpc-lamp.o                   [ wpc_lamp.c ]
platform/wpc/wpc-sol.o                    [ wpc_sol.c ]
platform/wpc/main.o                       [ main.c ]
kernel/ac.o                               [ ac.c ]
kernel/adj.o                              [ adj.c ]
kernel/audit.o                            [ audit.c ]
kernel/csum.o                             [ csum.c ]
kernel/dmd.o                              [ dmd.c ]
kernel/error.o                            [ error.c ]
kernel/file.o                             [ file.c ]
kernel/flip.o                             [ flip.c ]
kernel/freetimer.o                        [ freetimer.c ]
kernel/init.o                             [ init.c ]
kernel/lamp.o                             [ lamp.c ]
kernel/leff.o                             [ leff.c ]
kernel/message.o                          [ message.c ]
kernel/sol.o                              [ sol.c ]
kernel/sound.o                            [ sound.c ]
kernel/switches.o                         [ switches.c ]
kernel/timer.o                            [ timer.c ]
kernel/triac.o                            [ triac.c ]
machine/dm/simple_switches.o              [ simple_switches.c ]
machine/dm/orbits.o                       [ orbits.c ]
machine/dm/ramps.o                        [ ramps.c ]
build/sched_irq.o                         [ sched_irq.c ]
build/page52.o                            [  ]
machine/dm/jets.o                         [ jets.c ]
machine/dm/superjets.o                    [ superjets.c ]
machine/dm/eyeball.o                      [ eyeball.c ]
build/page53.o                            [  ]
machine/dm/bar.o                          [ bar.c ]
machine/dm/dm_millions.o                  [ dm_millions.c ]
machine/dm/wheelie.o                      [ wheelie.c ]
machine/dm/top_popper.o                   [ top_popper.c ]
machine/dm/standupfrenzy.o                [ standupfrenzy.c ]
build/page54.o                            [  ]
machine/dm/bonus.o                        [ bonus.c ]
machine/dm/capture_simon.o                [ capture_simon.c ]
machine/dm/prison_break.o                 [ prison_break.c ]
machine/dm/fortress.o                     [ fortress.c ]
machine/dm/museum.o                       [ museum.c ]
machine/dm/cryoprison.o                   [ cryoprison.c ]
machine/dm/wasteland.o                    [ wasteland.c ]
machine/dm/demotime.o                     [ demotime.c ]
machine/dm/lock_freeze_mbstart.o          [ lock_freeze_mbstart.c ]
machine/dm/cryoclaw.o                     [ cryoclaw.c ]
build/page55.o                            [  ]
machine/dm/rollovers.o                    [ rollovers.c ]
machine/dm/car_chase_mode.o               [ car_chase_mode.c ]
machine/dm/acmag.o                        [ acmag.c ]
machine/dm/startup_shutdown.o             [ startup_shutdown.c ]
machine/dm/dm_amode.o                     [ dm_amode.c ]
machine/dm/underground.o                  [ underground.c ]
machine/dm/jackpots.o                     [ jackpots.c ]
machine/dm/arrow_handler.o                [ arrow_handler.c ]
machine/dm/inlanes.o                      [ inlanes.c ]
machine/dm/car_crash.o                    [ car_crash.c ]
machine/dm/combos.o                       [ combos.c ]
machine/dm/eject.o                        [ eject.c ]
machine/dm/explode.o                      [ explode.c ]
machine/dm/custom_deffs.o                 [ custom_deffs.c ]
build/page56.o                            [  ]
common/abort.o                            [ abort.c ]
common/amode.o                            [ amode.c ]
common/ballsave.o                         [ ballsave.c ]
common/coin.o                             [ coin.c ]
common/db.o                               [ db.c ]
common/flipcode.o                         [ flipcode.c ]
common/initials.o                         [ initials.c ]
common/locale.o                           [ locale.c ]
common/match.o                            [ match.c ]
common/optocheck.o                        [ optocheck.c ]
common/plunger.o                          [ plunger.c ]
common/printer.o                          [ printer.c ]
common/reset.o                            [ reset.c ]
common/rtc.o                              [ rtc.c ]
common/serve.o                            [ serve.c ]
common/service.o                          [ service.c ]
common/start_button.o                     [ start_button.c ]
common/tilt.o                             [ tilt.c ]
common/tournament.o                       [ tournament.c ]
common/trough.o                           [ trough.c ]
common/auto_replay.o                      [ auto_replay.c ]
common/buyin.o                            [ buyin.c ]
common/device.o                           [ device.c ]
common/diag.o                             [ diag.c ]
common/highscore.o                        [ highscore.c ]
common/knocker.o                          [ knocker.c ]
common/replay.o                           [ replay.c ]
common/search.o                           [ search.c ]
common/status.o                           [ status.c ]
common/special.o                          [ special.c ]
build/page57.o                            [  ]
common/eb.o                               [ eb.c ]
common/effect.o                           [ effect.c ]
common/effect_update.o                    [ effect_update.c ]
common/flash.o                            [ flash.c ]
common/lamptimer.o                        [ lamptimer.c ]
common/score_deff.o                       [ score_deff.c ]
common/score_deff_dmd.o                   [ score_deff_dmd.c ]
common/shootalert.o                       [ shootalert.c ]
common/sound_effect.o                     [ sound_effect.c ]
common/dmdtrans.o                         [ dmdtrans.c ]
common/dmd_rough.o                        [ dmd_rough.c ]
common/dmd_shadow.o                       [ dmd_shadow.c ]
common/dmd_overlay.o                      [ dmd_overlay.c ]
common/swinfo.o                           [ swinfo.c ]
build/page58.o                            [  ]
build/diverter_test.o                     [ diverter_test.c ]
build/elevator_test.o                     [ elevator_test.c ]
build/claw_test.o                         [ claw_test.c ]
test/window.o                             [ window.c ]
build/page59.o                            [  ]
build/callset.o                           [ callset.c ]
build/page60.o                            [  ]
build/mach-strings.o                      [ mach_strings.c ]
build/mach-lamplists.o                    [ mach_lamplists.c ]
test/format.o                             [ format.c ]
test/preset.o                             [ preset.c ]
test/swtest.o                             [ swtest.c ]
test/dmdtest.o                            [ dmdtest.c ]
test/adjust.o                             [ adjust.c ]
test/histogram.o                          [ histogram.c ]
test/timestamp.o                          [ timestamp.c ]
test/stress.o                             [ stress.c ]
test/wire.o                               [ wire.c ]
test/pricing.o                            [ pricing.c ]
test/burnin.o                             [ burnin.c ]
common/event-audit.o                      [ event_audit.c ]
common/score_rank.o                       [ score_rank.c ]
build/page61.o                            [  ]
fonts/bitmap.o                            [ bitmap.c ]
fonts/mono9.o                             [ mono9.c ]
fonts/num5x7.o                            [ num5x7.c ]
fonts/symbol.o                            [ symbol.c ]
fonts/tinynum.o                           [ tinynum.c ]
fonts/var5.o                              [ var5.c ]
fonts/fixed10.o                           [ fixed10.fon ]
fonts/fixed6.o                            [ fixed6.fon ]
fonts/term6.o                             [ term6.fon ]
fonts/free/amiga4ever.o                   [ amiga4ever.fon ]
fonts/free/v5prc.o                        [ v5prc.fon ]
fonts/free/steel.o                        [ steel.fon ]
fonts/free/lithograph.o                   [ lithograph.fon ]
fonts/free/cowboy.o                       [ cowboy.fon ]
fonts/free/fipps.o                        [ fipps.fon ]
fonts/free/bitoutline.o                   [ bitoutline.fon ]
fonts/free/bitcube10.o                    [ bitcube10.fon ]
fonts/free/fireball.o                     [ fireball.fon ]
fonts/free/antiqua.o                      [ antiqua.fon ]
/usr/local/lib/gcc/m6809-unknown-none/4.  [  ]


Libraries Linked                          [ object file ]

/usr/local/lib/gcc/m6809-unknown-none/4.  [ ./libgcc-cache/_umodhi3.o ]
/usr/local/lib/gcc/m6809-unknown-none/4.  [ ./libgcc-cache/_udivhi3.o ]
/usr/local/lib/gcc/m6809-unknown-none/4.  [ ./libgcc-cache/_divhi3.o ]
/usr/local/lib/gcc/m6809-unknown-none/4.  [ ./libgcc-cache/_mulhi3.o ]
/usr/local/lib/gcc/m6809-unknown-none/4.  [ ./libgcc-cache/_seuclid.o ]
/usr/local/lib/gcc/m6809-unknown-none/4.  [ ./libgcc-cache/_euclid.o ]

ASxxxx Linker V05.00,  page 87.

User Base Address Definitions

.text=0x10
vector=0xFFF0
direct = 0x0004
ram = 0x0100
local = 0x1400
permanent = 0x1600
nvram = 0x1810
dirtab = 0x1F00
registers = 0xFFB0
.flag = 0x0000
.globalflag = 0x0000
.freetimer = 0x0000
page52 = 0x4000
page53 = 0x4000
page54 = 0x4000
page55 = 0x4000
page56 = 0x4000
page57 = 0x4000
page58 = 0x4000
page59 = 0x4000
page60 = 0x4000
page61 = 0x4000
.text = 0x8000

